// Jest Snapshot v1, https://goo.gl/fbAQLP

exports[`PollList component should render correctly with questions to do 1`] = `
<div>
  <div>
    <h3>
      Poll List
    </h3>
    <select>
      <option
        value="todo"
      >
        To do
      </option>
      <option
        value="done"
      >
        Done
      </option>
    </select>
    <h4>
      todo
    </h4>
    <ul
      class="question-list"
    />
  </div>
</div>
`;
